------------------------------------------------------------
Timing Analyzer Summary
------------------------------------------------------------

Type  : Slow 1100mV 85C Model Setup 'clk'
Slack : -19.904
TNS   : -2813.799

Type  : Slow 1100mV 85C Model Hold 'clk'
Slack : 0.503
TNS   : 0.000

Type  : Slow 1100mV 85C Model Minimum Pulse Width 'clk'
Slack : -3.166
TNS   : -538.810

Type  : Slow 1100mV 0C Model Setup 'clk'
Slack : -20.310
TNS   : -2778.243

Type  : Slow 1100mV 0C Model Hold 'clk'
Slack : 0.314
TNS   : 0.000

Type  : Slow 1100mV 0C Model Minimum Pulse Width 'clk'
Slack : -3.166
TNS   : -539.327

Type  : Fast 1100mV 85C Model Setup 'clk'
Slack : -7.765
TNS   : -1025.691

Type  : Fast 1100mV 85C Model Hold 'clk'
Slack : 0.181
TNS   : 0.000

Type  : Fast 1100mV 85C Model Minimum Pulse Width 'clk'
Slack : -2.174
TNS   : -91.737

Type  : Fast 1100mV 0C Model Setup 'clk'
Slack : -7.107
TNS   : -893.169

Type  : Fast 1100mV 0C Model Hold 'clk'
Slack : 0.172
TNS   : 0.000

Type  : Fast 1100mV 0C Model Minimum Pulse Width 'clk'
Slack : -2.174
TNS   : -92.435

------------------------------------------------------------
